12:48:01 **** Incremental Build of configuration Default for project MyProject ****
make all 
[1;34mCompiling main.c[0m
main.c: In function 'main':
main.c:70:5: warning: implicit declaration of function 'turn_left' [-Wimplicit-function-declaration]
     turn_left();
     ^~~~~~~~~
main.c:77:4: warning: implicit declaration of function 'go_straight' [-Wimplicit-function-declaration]
    go_straight();
    ^~~~~~~~~~~
main.c: At top level:
main.c:92:6: warning: conflicting types for 'go_straight'
 void go_straight(float speed) {
      ^~~~~~~~~~~
main.c:77:4: note: previous implicit declaration of 'go_straight' was here
    go_straight();
    ^~~~~~~~~~~
main.c: In function 'go_straight':
main.c:92:24: warning: unused parameter 'speed' [-Wunused-parameter]
 void go_straight(float speed) {
                        ^~~~~
main.c: In function 'turn_randomly':
main.c:98:1: warning: implicit declaration of function 'turn_right' [-Wimplicit-function-declaration]
 turn_right();
 ^~~~~~~~~~
main.c:97:24: warning: unused parameter 'x' [-Wunused-parameter]
 void turn_randomly(int x) {
                        ^
main.c: At top level:
main.c:102:6: warning: function declaration isn't a prototype [-Wstrict-prototypes]
 void turn_right() {
      ^~~~~~~~~~
main.c:102:6: warning: conflicting types for 'turn_right'
main.c:98:1: note: previous implicit declaration of 'turn_right' was here
 turn_right();
 ^~~~~~~~~~
main.c:107:6: warning: function declaration isn't a prototype [-Wstrict-prototypes]
 void turn_left() {
      ^~~~~~~~~
main.c:107:6: warning: conflicting types for 'turn_left'
main.c:70:5: note: previous implicit declaration of 'turn_left' was here
     turn_left();
     ^~~~~~~~~
[1;34mLinking build/Project_template.elf[0m
[1;34mCreating build/Project_template.hex[0m
[1;34mCreating build/Project_template.bin[0m
[1;34mCreating build/Project_template.dmp[0m

   text	   data	    bss	    dec	    hex	filename
  63092	   3084	  17508	  83684	  146e4	build/Project_template.elf
[1;34mCreating build/Project_template.list[0m

[1;34mDone[0m

12:48:02 Build Finished. 0 errors, 10 warnings. (took 825ms)

